≡ƒº¬ PDF EXTRACTION ANALYSIS
Testing multiple PDFs to identify universal patterns


================================================================================
≡ƒôä ANALYZING: SRI SABARI AGENCIES_Order_311.pdf
================================================================================
≡ƒôä PDF: Processing 1 page(s)
≡ƒôä Page 1: 72 items, median font: 8.1
≡ƒôä Page 1: Grouped into 59 rows
≡ƒôä PDF Complete: 59 total rows extracted

≡ƒôè STATISTICS:
   Total rows: 59
   Median font size: 8.1

≡ƒôï ALL ROWS (with product detection):
    1. "32AAKFS1980M1ZT"
    2. "GSTIN :"
    3. "SRI SABARI AGENCIES"
    4. "BANK ROAD, SUPER BAZAR"
    5. "TIN :"
    6. "ROOM NO.2072,2073,2074" #∩╕ÅΓâú QTY?
    7. "DL No : WLF20B2024KL001811"
    8. "KANNUR"
    9. "WLF21B2024KL001763"
   10. "Phone: 04972767592 9544331444"
   11. "PURCHASE ORDER"
   12. "311" #∩╕ÅΓâú QTY?
   13. "Supplier : RAJ DISTRIBUTERS"
   14. "Order No :"
   15. "20-Jan-2026" #∩╕ÅΓâú QTY?
   16. "T.D.ROAD."
   17. "Order Date :"
   18. "40/1364..., KERALA, ERNAKULAM ."
   19. "Phone : 0484/2370789., 9747631397"
   20. "Cheque No. :"
   21. "QTY"
   22. "Sl No Code Product Name"
   23. "Packing"
   24. "Amount"
   25. "Note"
   26. "2314.20" #∩╕ÅΓâú QTY?
   27. "Approx Value :"
   28. "MICRO CARSYON-(2)" #∩╕ÅΓâú QTY?
   29. "1 1013 DIANORM-OD- 60MG TAB" Γ¡É PRODUCT
   30. "1X10"
   31. "2314.20" #∩╕ÅΓâú QTY?
   32. "30" #∩╕ÅΓâú QTY?
   33. "8890.05" #∩╕ÅΓâú QTY?
   34. "Approx Value :"
   35. "MICRO CARSYON-(4)" #∩╕ÅΓâú QTY?
   36. "2 2348 ARNIV - 50MG TAB 15'S" Γ¡É PRODUCT
   37. "10X15T"
   38. "3162.90" #∩╕ÅΓâú QTY?
   39. "15" #∩╕ÅΓâú QTY?
   40. "3 2508 SITANORM - E 25 TAB" Γ¡É PRODUCT
   41. "3X10T"
   42. "5727.15" #∩╕ÅΓâú QTY?
   43. "45" #∩╕ÅΓâú QTY?
   44. "6103.00" #∩╕ÅΓâú QTY?
   45. "Approx Value :"
   46. "MICRO- GTF-1" #∩╕ÅΓâú QTY?
   47. "4 402 MICRODOX- LBX CAPS" Γ¡É PRODUCT
   48. "1x10"
   49. "6103.00" #∩╕ÅΓâú QTY?
   50. "100+20" #∩╕ÅΓâú QTY?
   51. "17307.25" #∩╕ÅΓâú QTY?
   52. "Total Amount :"
   53. "For. SRI SABARI AGENCIES"
   54. "Note :"
   55. "This is a computer generated purchase"
   56. "order and does not need a signature"
   57. "Page 1 of 1" #∩╕ÅΓâú QTY?
   58. "Printed By : HARAN, INVENTORY - COUNTER3, 20/01/2026 4:03:14 PM"
   59. "Software @BlueFox Systems, Kannur Ph:-0497-2761096, 9447684374, www.bluefoxsystems.net"

≡ƒöä TESTING EXTRACTION...

======================================================================
≡ƒÜÇ EXTRACTION: SRI SABARI AGENCIES_Order_311.pdf
======================================================================
≡ƒôä PDF: Processing 1 page(s)
≡ƒôä Page 1: 72 items, median font: 8.1
≡ƒôä Page 1: Grouped into 59 rows
≡ƒôä PDF Complete: 59 total rows extracted

≡ƒôä PDF: 59 raw rows

≡ƒöì DEBUG: Raw rows 1-50:
  1. "32AAKFS1980M1ZT"
  2. "GSTIN :"
  3. "SRI SABARI AGENCIES"
  4. "BANK ROAD, SUPER BAZAR"
  5. "TIN :"
  6. "ROOM NO.2072,2073,2074"
  7. "DL No : WLF20B2024KL001811"
  8. "KANNUR"
  9. "WLF21B2024KL001763"
  10. "Phone: 04972767592 9544331444"
  11. "PURCHASE ORDER"
  12. "311"
  13. "Supplier : RAJ DISTRIBUTERS"
  14. "Order No :"
  15. "20-Jan-2026"
  16. "T.D.ROAD."
  17. "Order Date :"
  18. "40/1364..., KERALA, ERNAKULAM ."
  19. "Phone : 0484/2370789., 9747631397"
  20. "Cheque No. :"
  21. "QTY"
  22. "Sl No Code Product Name"
  23. "Packing"
  24. "Amount"
  25. "Note"
  26. "2314.20"
  27. "Approx Value :"
  28. "MICRO CARSYON-(2)"
  29. "1 1013 DIANORM-OD- 60MG TAB"
  30. "1X10"
  31. "2314.20"
  32. "30"
  33. "8890.05"
  34. "Approx Value :"
  35. "MICRO CARSYON-(4)"
  36. "2 2348 ARNIV - 50MG TAB 15'S"
  37. "10X15T"
  38. "3162.90"
  39. "15"
  40. "3 2508 SITANORM - E 25 TAB"
  41. "3X10T"
  42. "5727.15"
  43. "45"
  44. "6103.00"
  45. "Approx Value :"
  46. "MICRO- GTF-1"
  47. "4 402 MICRODOX- LBX CAPS"
  48. "1x10"
  49. "6103.00"
  50. "100+20"
≡ƒöù Grouped 59 raw items into 28 table rows
Γ£à Merged into 28 complete rows
≡ƒôä PDF: Merged into 28 processing lines

≡ƒöì DEBUG: Merged lines (ALL):
  1. "32AAKFS1980M1ZTGSTIN :SRI SABARI AGENCIES"
  2. "BANK ROAD, SUPER BAZARTIN :"
  3. "ROOM NO.2072,2073,2074"
  4. "DL No : WLF20B2024KL001811"
  5. "KANNURWLF21B2024KL001763"
  6. "Phone: 04972767592 9544331444"
  7. "PURCHASE ORDER"
  8. "311Supplier : RAJ DISTRIBUTERSOrder No :"
  9. "20-Jan-2026T.D.ROAD.Order Date :"
  10. "40/1364..., KERALA, ERNAKULAM ."
  11. "Phone : 0484/2370789., 9747631397Cheque No. :"
  12. "QTYSl No Code Product NamePackingAmountNote"
  13. "2314.20Approx Value :"
  14. "MICRO CARSYON-(2)"
  15. "1 1013 DIANORM-OD- 60MG TAB1X102314.2030" Γ¡É HAS FORM/MG
  16. "8890.05Approx Value :"
  17. "MICRO CARSYON-(4)"
  18. "2 2348 ARNIV - 50MG TAB 15'S10X15T3162.9015" Γ¡É HAS FORM/MG
  19. "3 2508 SITANORM - E 25 TAB3X10T5727.1545"
  20. "6103.00Approx Value :"
  21. "MICRO- GTF-1"
  22. "4 402 MICRODOX- LBX CAPS1x106103.00100+20"
  23. "17307.25Total Amount :"
  24. "For. SRI SABARI AGENCIESNote :"
  25. "This is a computer generated purchase"
  26. "order and does not need a signature"
  27. "Page 1 of 1Printed By : HARAN, INVENTORY - COUNTER3, 20/01/2026 4:03:14 PM"
  28. "Software @BlueFox Systems, Kannur Ph:-0497-2761096, 9447684374, www.bluefoxsystems.net"
≡ƒöì Searching for customer in invoice header...
Γ£à Customer detected (Keyword score 1): "SRI Sabari Agencies"
Γ¢ö Row 4: Junk "DL No : WLF20B2024KL001811"
Γ¢ö Row 6: Junk "Phone: 04972767592 9544331444"
Γ¢ö Row 11: Junk "Phone : 0484/2370789., 9747631397Cheque No. :"
≡ƒöì [QTY] Extracting from: "1 1013 DIANORM-OD- 60MG TAB1X102314.2030..."
  [BLOCKED] SAP code: 1013
  [BLOCKED] Serial number: 1
  [FALLBACK BLOCKED] SAP code: 1013
  Γ¥î [QTY] No quantity found
Γ£à Row 15: "DIANORM-OD- 60MG TAB" | Qty: MISSING
≡ƒöì [QTY] Extracting from: "2 2348 ARNIV - 50MG TAB 15'S10X15T3162.9015..."
  [MERGED_QTY] No decimal amount found
  [FALLBACK BLOCKED] SAP code: 2348
  Γ¥î [QTY] No quantity found
Γ£à Row 18: "ARNIV - 50MG TAB" | Qty: MISSING
Γ¢ö Row 27: Junk "Page 1 of 1Printed By : HARAN, INVENTORY - COUNTER3, 20/01/2026 4:03:14 PM"

≡ƒôä PDF SUMMARY:
   Detection mode: STRICT
   Total rows: 59
   Γ£à Extracted: 2
   Γ¥î Failed: 22

======================================================================
Γ£à EXTRACTION COMPLETE
   Extracted: 2 products
   Customer: SRI Sabari Agencies
======================================================================


Γ£à EXTRACTION RESULTS:
   Products extracted: 2
   Customer: SRI Sabari Agencies

≡ƒôª EXTRACTED PRODUCTS:
   1. DIANORM-OD- 60MG TAB | Qty: MISSING
   2. ARNIV - 50MG TAB | Qty: MISSING

================================================================================
≡ƒôä ANALYZING: ORDER-RAJ.pdf
================================================================================
≡ƒôä PDF: Processing 2 page(s)
≡ƒôä Page 1: 240 items, median font: 8.0
≡ƒôä Page 1: Grouped into 100 rows
≡ƒôä Page 2: 3 items, median font: 9.0
≡ƒôä Page 2: Grouped into 3 rows
≡ƒôä PDF Complete: 103 total rows extracted

≡ƒôè STATISTICS:
   Total rows: 103
   Median font size: 8.0

≡ƒôï ALL ROWS (with product detection):
    1. "INVOICE-CREDIT"
    2. "RAJ DISTRIBUTORS"
    3. "JST AGENCIES"
    4. "X/1236-14,15,16,17" #∩╕ÅΓâú QTY?
    5. "JST AGENCIES"
    6. "40/1364," #∩╕ÅΓâú QTY?
    7. "KOLLANNUR ANTONY SONS"
    8. "T.D. ROAD"
    9. "X/1236-14,15,16,17" #∩╕ÅΓâú QTY?
   10. "ING KOPPAN LANE,THRISSURBUILD"
   11. "PHONE : 0484-2370789,0484-2370789PIN :682011"
   12. "KOLLANNUR ANTONY SONS BUILDING"
   13. "Phone : 04872426325,9961989325"
   14. "KOPPAN LANE,THRISSUR"
   15. "RAJ DISTRIBUTORS"
   16. "GST No. : 32AAEPA4171C1ZK"
   17. "GSTIN : 32AABFJ7999Q1ZG"
   18. "T.D. ROAD"
   19. "D.L.No. : KL-TSR-123649,KL-TSR-123650"
   20. "Inv No : OP001230"
   21. "Phone : 04872426325,9961989325"
   22. "Inv.Date : 10-01-2026 Rep Name :"
   23. "NoMFR"
   24. "ITEMNAME"
   25. "PACKHSNCODE"
   26. "BATCHNO EXP FREE MRP DIS TAXABLE"
   27. "QTY RATE"
   28. "GST Amount"
   29. "Date: 10-01-2026" #∩╕ÅΓâú QTY?
   30. "Inv No: OP001230"
   31. "1 MICR DIAPRIDE 1 MG TAB" Γ¡É PRODUCT
   32. "30 S 30049079" #∩╕ÅΓâú QTY?
   33. "120 0 81.19 118.40 0.00 9742.80 5.00 10229.94"
   34. "2 MICR DIAPRIDE 2 MG TAB" Γ¡É PRODUCT
   35. "30 S 30049079" #∩╕ÅΓâú QTY?
   36. "40 0 127.40 185.80 0.00 5096.00 5.00 5350.80"
   37. "3 MICR DIAPRIDE 4 MG TAB" Γ¡É PRODUCT
   38. "10 S 30049079" #∩╕ÅΓâú QTY?
   39. "10 0 93.19 135.90 0.00 931.90 5.00 978.50"
   40. "4 MICR DIAPRIDE M2 FORTE TAB" Γ¡É PRODUCT
   41. "15 S 30049079" #∩╕ÅΓâú QTY?
   42. "20 0 179.36 261.56 0.00 3587.20 5.00 3766.56"
   43. "5 MICR DIAPRIDE M3 FORTE TAB" Γ¡É PRODUCT
   44. "15 S 30049079" #∩╕ÅΓâú QTY?
   45. "10 0 121.50 177.19 0.00 1215.00 5.00 1275.76"
   46. "6 MICR MECONERV PLUS CAP" Γ¡É PRODUCT
   47. "10 S 30045090" #∩╕ÅΓâú QTY?
   48. "50 5 117.59 171.50 0.00 5879.50 5.00 6173.48"
   49. "7 MICR VILDAPRIDE 50MG TAB" Γ¡É PRODUCT
   50. "15 S 30049079" #∩╕ÅΓâú QTY?
   51. "300 0 131.11 191.20 0.00 39333.00 5.00 41299.66"
   52. "8 MICR VILDAPRIDE M 50/500MG TAB" Γ¡É PRODUCT
   53. "15 S 30049099" #∩╕ÅΓâú QTY?
   54. "100 0 122.13 178.10 0.00 12213.00 5.00 12823.66"
   55. "9 MICR VILDAPRIDE OD 100MG TAB" Γ¡É PRODUCT
   56. "15 S 30042064" #∩╕ÅΓâú QTY?
   57. "10 0 137.90 201.09 0.00 1379.00 5.00 1447.96"
   58. "NARRATION :"
   59. "SUB TOTAL 79377.40 SUB TOTAL 79377.40"
   60. "CLASS"
   61. "SUB TOTAL SCHEME DISCOUNT SGST CGST"
   62. "TOTAL GST"
   63. "0.00 0.00 0.00 0.00 0.00" #∩╕ÅΓâú QTY?
   64. "GST 0.00%" #∩╕ÅΓâú QTY?
   65. "0.00" #∩╕ÅΓâú QTY?
   66. "DISCOUNT 0.00% 0.00 DISCOUNT 0.00% 0.00"
   67. "79377.40 0.00 0.00 1984.46 1984.46"
   68. "ITEM DIS TOTAL"
   69. "GST 5.00%" #∩╕ÅΓâú QTY?
   70. "3968.92 ITEM DIS TOTAL" #∩╕ÅΓâú QTY?
   71. "0.00" #∩╕ÅΓâú QTY?
   72. "0.00" #∩╕ÅΓâú QTY?
   73. "0.00 0.00 0.00 0.00 0.00" #∩╕ÅΓâú QTY?
   74. "GST PAYABLE"
   75. "SGST PAYABLE 1984.46" #∩╕ÅΓâú QTY?
   76. "GST18.00%" #∩╕ÅΓâú QTY?
   77. "0.00" #∩╕ÅΓâú QTY?
   78. "3968.92" #∩╕ÅΓâú QTY?
   79. "0.00 0.00 0.00 0.00 0.00" #∩╕ÅΓâú QTY?
   80. "CREDIT NOTE"
   81. "CGST PAYABLE 1984.46" #∩╕ÅΓâú QTY?
   82. "GST 28 %" #∩╕ÅΓâú QTY?
   83. "0.00" #∩╕ÅΓâú QTY?
   84. "0.00" #∩╕ÅΓâú QTY?
   85. "3968.92 CREDIT NOTE" #∩╕ÅΓâú QTY?
   86. "SUB TOTAL 79377.40 0.00 0.00 1984.46 1984.46"
   87. "0.00" #∩╕ÅΓâú QTY?
   88. "GRAND TOTAL83346.00" #∩╕ÅΓâú QTY?
   89. "Rs. Eighty Three Thousand Three Hundred and Forty Six only"
   90. "GRAND TOTAL83346.00" #∩╕ÅΓâú QTY?
   91. "INV.PREP.BY : SATHEESH"
   92. "RAJ DISTRIBUTORS"
   93. "Terms & Conditions"
   94. "Goods once sold will not be taken back or exchanged."
   95. "For JST AGENCIES"
   96. "INVOICE NO:"
   97. "Bills not paid due date will attract 24% interest."
   98. "All disputes subject to Jurisdiction only."
   99. "Prescribed Sales Tax declaration will be given."
  100. "powered by MARGERP9+@Augoss Tech,Infopark,koratty :7592035035"
  101. "SEAL AND SIGNATORY"
  102. "Authorised signatory"
  103. "REMARK :"

≡ƒöä TESTING EXTRACTION...

======================================================================
≡ƒÜÇ EXTRACTION: ORDER-RAJ.pdf
======================================================================
≡ƒôä PDF: Processing 2 page(s)
≡ƒôä Page 1: 240 items, median font: 8.0
≡ƒôä Page 1: Grouped into 100 rows
≡ƒôä Page 2: 3 items, median font: 9.0
≡ƒôä Page 2: Grouped into 3 rows
≡ƒôä PDF Complete: 103 total rows extracted

≡ƒôä PDF: 103 raw rows

≡ƒöì DEBUG: Raw rows 1-50:
  1. "INVOICE-CREDIT"
  2. "RAJ DISTRIBUTORS"
  3. "JST AGENCIES"
  4. "X/1236-14,15,16,17"
  5. "JST AGENCIES"
  6. "40/1364,"
  7. "KOLLANNUR ANTONY SONS"
  8. "T.D. ROAD"
  9. "X/1236-14,15,16,17"
  10. "ING KOPPAN LANE,THRISSURBUILD"
  11. "PHONE : 0484-2370789,0484-2370789PIN :682011"
  12. "KOLLANNUR ANTONY SONS BUILDING"
  13. "Phone : 04872426325,9961989325"
  14. "KOPPAN LANE,THRISSUR"
  15. "RAJ DISTRIBUTORS"
  16. "GST No. : 32AAEPA4171C1ZK"
  17. "GSTIN : 32AABFJ7999Q1ZG"
  18. "T.D. ROAD"
  19. "D.L.No. : KL-TSR-123649,KL-TSR-123650"
  20. "Inv No : OP001230"
  21. "Phone : 04872426325,9961989325"
  22. "Inv.Date : 10-01-2026 Rep Name :"
  23. "NoMFR"
  24. "ITEMNAME"
  25. "PACKHSNCODE"
  26. "BATCHNO EXP FREE MRP DIS TAXABLE"
  27. "QTY RATE"
  28. "GST Amount"
  29. "Date: 10-01-2026"
  30. "Inv No: OP001230"
  31. "1 MICR DIAPRIDE 1 MG TAB"
  32. "30 S 30049079"
  33. "120 0 81.19 118.40 0.00 9742.80 5.00 10229.94"
  34. "2 MICR DIAPRIDE 2 MG TAB"
  35. "30 S 30049079"
  36. "40 0 127.40 185.80 0.00 5096.00 5.00 5350.80"
  37. "3 MICR DIAPRIDE 4 MG TAB"
  38. "10 S 30049079"
  39. "10 0 93.19 135.90 0.00 931.90 5.00 978.50"
  40. "4 MICR DIAPRIDE M2 FORTE TAB"
  41. "15 S 30049079"
  42. "20 0 179.36 261.56 0.00 3587.20 5.00 3766.56"
  43. "5 MICR DIAPRIDE M3 FORTE TAB"
  44. "15 S 30049079"
  45. "10 0 121.50 177.19 0.00 1215.00 5.00 1275.76"
  46. "6 MICR MECONERV PLUS CAP"
  47. "10 S 30045090"
  48. "50 5 117.59 171.50 0.00 5879.50 5.00 6173.48"
  49. "7 MICR VILDAPRIDE 50MG TAB"
  50. "15 S 30049079"
≡ƒöù Grouped 103 raw items into 49 table rows
Γ£à Merged into 49 complete rows
≡ƒôä PDF: Merged into 49 processing lines

≡ƒöì DEBUG: Merged lines (ALL):
  1. "INVOICE-CREDIT"
  2. "RAJ DISTRIBUTORSJST AGENCIES"
  3. "X/1236-14,15,16,17"
  4. "JST AGENCIES"
  5. "40/1364,"
  6. "KOLLANNUR ANTONY SONS"
  7. "T.D. ROAD"
  8. "X/1236-14,15,16,17"
  9. "ING KOPPAN LANE,THRISSURBUILD"
  10. "PHONE : 0484-2370789,0484-2370789PIN :682011"
  11. "KOLLANNUR ANTONY SONS BUILDING"
  12. "Phone : 04872426325,9961989325"
  13. "KOPPAN LANE,THRISSURRAJ DISTRIBUTORS"
  14. "GST No. : 32AAEPA4171C1ZK"
  15. "GSTIN : 32AABFJ7999Q1ZG"
  16. "T.D. ROADD.L.No. : KL-TSR-123649,KL-TSR-123650"
  17. "Inv No : OP001230Phone : 04872426325,9961989325"
  18. "Inv.Date : 10-01-2026 Rep Name :"
  19. "NoMFRITEMNAMEPACKHSNCODEBATCHNO EXP FREE MRP DIS TAXABLEQTY RATEGST Amount"
  20. "Date: 10-01-2026"
  21. "Inv No: OP001230"
  22. "1 MICR DIAPRIDE 1 MG TAB30 S 30049079120 0 81.19 118.40 0.00 9742.80 5.00 10229.94" Γ¡É HAS FORM/MG
  23. "2 MICR DIAPRIDE 2 MG TAB30 S 3004907940 0 127.40 185.80 0.00 5096.00 5.00 5350.80" Γ¡É HAS FORM/MG
  24. "3 MICR DIAPRIDE 4 MG TAB10 S 3004907910 0 93.19 135.90 0.00 931.90 5.00 978.50" Γ¡É HAS FORM/MG
  25. "4 MICR DIAPRIDE M2 FORTE TAB15 S 3004907920 0 179.36 261.56 0.00 3587.20 5.00 3766.56"
  26. "5 MICR DIAPRIDE M3 FORTE TAB15 S 3004907910 0 121.50 177.19 0.00 1215.00 5.00 1275.76"
  27. "6 MICR MECONERV PLUS CAP10 S 3004509050 5 117.59 171.50 0.00 5879.50 5.00 6173.48"
  28. "7 MICR VILDAPRIDE 50MG TAB15 S 30049079300 0 131.11 191.20 0.00 39333.00 5.00 41299.66" Γ¡É HAS FORM/MG
  29. "8 MICR VILDAPRIDE M 50/500MG TAB15 S 30049099100 0 122.13 178.10 0.00 12213.00 5.00 12823.66" Γ¡É HAS FORM/MG
  30. "9 MICR VILDAPRIDE OD 100MG TAB15 S 3004206410 0 137.90 201.09 0.00 1379.00 5.00 1447.96" Γ¡É HAS FORM/MG
  31. "NARRATION :"
  32. "SUB TOTAL 79377.40 SUB TOTAL 79377.40CLASSSUB TOTAL SCHEME DISCOUNT SGST CGSTTOTAL GST"
  33. "0.00 0.00 0.00 0.00 0.00"
  34. "GST 0.00%0.00DISCOUNT 0.00% 0.00 DISCOUNT 0.00% 0.00"
  35. "79377.40 0.00 0.00 1984.46 1984.46ITEM DIS TOTALGST 5.00%3968.92 ITEM DIS TOTAL0.000.00"
  36. "0.00 0.00 0.00 0.00 0.00GST PAYABLESGST PAYABLE 1984.46GST18.00%0.003968.92"
  37. "0.00 0.00 0.00 0.00 0.00CREDIT NOTECGST PAYABLE 1984.46GST 28 %0.000.00"
  38. "3968.92 CREDIT NOTESUB TOTAL 79377.40 0.00 0.00 1984.46 1984.460.00GRAND TOTAL83346.00"
  39. "Rs. Eighty Three Thousand Three Hundred and Forty Six only"
  40. "GRAND TOTAL83346.00"
  41. "INV.PREP.BY : SATHEESHRAJ DISTRIBUTORS"
  42. "Terms & Conditions"
  43. "Goods once sold will not be taken back or exchanged.For JST AGENCIESINVOICE NO:"
  44. "Bills not paid due date will attract 24% interest."
  45. "All disputes subject to Jurisdiction only."
  46. "Prescribed Sales Tax declaration will be given."
  47. "powered by MARGERP9+@Augoss Tech,Infopark,koratty :7592035035"
  48. "SEAL AND SIGNATORY"
  49. "Authorised signatoryREMARK :"
≡ƒöì Searching for customer in invoice header...
Γ£à Customer detected (Keyword score 1): "JST Agencies"
Γ¢ö Row 10: Junk "PHONE : 0484-2370789,0484-2370789PIN :682011"
Γ¢ö Row 12: Junk "Phone : 04872426325,9961989325"
Γ¢ö Row 15: Junk "GSTIN : 32AABFJ7999Q1ZG"
≡ƒöì [QTY] Extracting from: "1 MICR DIAPRIDE 1 MG TAB30 S 30049079120 0 81.19 118.40 0.00 9742.80 5.00 10229...."
  [MERGED_QTY] Found 30049079120 at position 8
  Γ£à [QTY] Strategy 2 (Merged): 30049079120
Γ£à Row 22: "MICR DIAPRIDE 1 MG TAB30 S" | Qty: 30049079120
≡ƒöì [QTY] Extracting from: "2 MICR DIAPRIDE 2 MG TAB30 S 3004907940 0 127.40 185.80 0.00 5096.00 5.00 5350.8..."
  [MERGED_QTY] Found 3004907940 at position 8
  Γ£à [QTY] Strategy 2 (Merged): 3004907940
Γ£à Row 23: "MICR DIAPRIDE 2 MG TAB30 S" | Qty: 3004907940
≡ƒöì [QTY] Extracting from: "3 MICR DIAPRIDE 4 MG TAB10 S 3004907910 0 93.19 135.90 0.00 931.90 5.00 978.50..."
  [MERGED_QTY] Found 3004907910 at position 8
  Γ£à [QTY] Strategy 2 (Merged): 3004907910
Γ£à Row 24: "MICR DIAPRIDE 4 MG TAB10 S" | Qty: 3004907910
≡ƒöì [QTY] Extracting from: "7 MICR VILDAPRIDE 50MG TAB15 S 30049079300 0 131.11 191.20 0.00 39333.00 5.00 41..."
  [MERGED_QTY] Found 30049079300 at position 7
  Γ£à [QTY] Strategy 2 (Merged): 30049079300
Γ£à Row 28: "MICR VILDAPRIDE 50MG TAB15 S" | Qty: 30049079300
≡ƒöì [QTY] Extracting from: "8 MICR VILDAPRIDE M 50/500MG TAB15 S 30049099100 0 122.13 178.10 0.00 12213.00 5..."
  [MERGED_QTY] Found 30049099100 at position 8
  Γ£à [QTY] Strategy 2 (Merged): 30049099100
Γ£à Row 29: "MICR VILDAPRIDE M 50/500MG TAB15 S" | Qty: 30049099100
≡ƒöì [QTY] Extracting from: "9 MICR VILDAPRIDE OD 100MG TAB15 S 3004206410 0 137.90 201.09 0.00 1379.00 5.00 ..."
  [MERGED_QTY] Found 3004206410 at position 8
  Γ£à [QTY] Strategy 2 (Merged): 3004206410
Γ£à Row 30: "MICR VILDAPRIDE OD 100MG TAB15 S" | Qty: 3004206410

≡ƒôä PDF SUMMARY:
   Detection mode: STRICT
   Total rows: 103
   Γ£à Extracted: 6
   Γ¥î Failed: 40

======================================================================
Γ£à EXTRACTION COMPLETE
   Extracted: 6 products
   Customer: JST Agencies
======================================================================


Γ£à EXTRACTION RESULTS:
   Products extracted: 6
   Customer: JST Agencies

≡ƒôª EXTRACTED PRODUCTS:
   1. MICR DIAPRIDE 1 MG TAB30 S | Qty: 30049079120
   2. MICR DIAPRIDE 2 MG TAB30 S | Qty: 3004907940
   3. MICR DIAPRIDE 4 MG TAB10 S | Qty: 3004907910
   4. MICR VILDAPRIDE 50MG TAB15 S | Qty: 30049079300
   5. MICR VILDAPRIDE M 50/500MG TAB15 S | Qty: 30049099100
   6. MICR VILDAPRIDE OD 100MG TAB15 S | Qty: 3004206410

================================================================================
≡ƒôä ANALYZING: raj 1497.pdf
================================================================================
≡ƒôä PDF: Processing 2 page(s)
≡ƒôä Page 1: 270 items, median font: 8.0
≡ƒôä Page 1: Grouped into 110 rows
≡ƒôä Page 2: 149 items, median font: 8.0
≡ƒôä Page 2: Grouped into 75 rows
≡ƒôä PDF Complete: 184 total rows extracted

≡ƒôè STATISTICS:
   Total rows: 184
   Median font size: 8.0

≡ƒôï ALL ROWS (with product detection):
    1. "PURCHASE ORDER"
    2. "AYYAPPA ENTERPRISES"
    3. "@MULTI"
    4. "23/514,FIRST FLOOR," #∩╕ÅΓâú QTY?
    5. "COURT ROAD, PALAKKAD, KERALAPALAKKAD,PALAKKAD-678001"
    6. "Mob :04912521020, 2535237, 2525237,8590697280"
    7. "GSTIN : 32AAHFA5893L1Z4, PAN NO : AAHFA5893L"
    8. "TIN NO : 32090252872"
    9. "DL NO 1: KL-PKD-122734/20B 7.9.19 DL NO 2: KL-PKD-122735/21B 7.9.19"
   10. "PO Order Date :29/11/25" #∩╕ÅΓâú QTY?
   11. "RAJ DISTRIBUTORS"
   12. "Supplier :"
   13. "40/1364,T.D.ROAD" #∩╕ÅΓâú QTY?
   14. "Exe Date :29/11/25" #∩╕ÅΓâú QTY?
   15. "ERNAKULAM"
   16. "GSTIN : 32AAEPA4171C1ZK"
   17. "PO Order No.2500079821497"
   18. "Comapany Name : MICRO- VIVA"
   19. "Sl No Code Item Name"
   20. "Pack"
   21. "Ord Qty Sch Spcl Sch Note"
   22. "Total"
   23. "[Approx Value : 13596.400]" #∩╕ÅΓâú QTY?
   24. "Company : 203(MICRO- VIVA)" #∩╕ÅΓâú QTY?
   25. "1 203034 ANORELIEF CREAM" #∩╕ÅΓâú QTY?
   26. "30 GM 10 0 0" #∩╕ÅΓâú QTY?
   27. "1265.80" #∩╕ÅΓâú QTY?
   28. "2 208024 MECONERV FORTE CAPS DTF 10S 20 0 0" Γ¡É PRODUCT
   29. "2455.80" #∩╕ÅΓâú QTY?
   30. "3 203010 TOLFEN-P TAB" Γ¡É PRODUCT
   31. "10'S 120 0 0" #∩╕ÅΓâú QTY?
   32. "9874.80" #∩╕ÅΓâú QTY?
   33. "[Approx Value : 9174.600]" #∩╕ÅΓâú QTY?
   34. "Company : 205(MICRO-CARDICARE)"
   35. "1 205116 ARBITEL 40MG 15'S" Γ¡É PRODUCT
   36. "15'S 10 0 0" #∩╕ÅΓâú QTY?
   37. "742.60" #∩╕ÅΓâú QTY?
   38. "2 214154 ARBITEL CT 40 15`S" #∩╕ÅΓâú QTY?
   39. "15'S 10 0 0" #∩╕ÅΓâú QTY?
   40. "1350.00" #∩╕ÅΓâú QTY?
   41. "3 214136 ARBITEL -TRIO 50 15`S 15'S 20 0 0"
   42. "3354.40" #∩╕ÅΓâú QTY?
   43. "4 205062 ARBITEL-MT 50" #∩╕ÅΓâú QTY?
   44. "7S"
   45. "989.50" #∩╕ÅΓâú QTY?
   46. "10 0 0" #∩╕ÅΓâú QTY?
   47. "5 205114 BISOT 2.5" #∩╕ÅΓâú QTY?
   48. "10'S 30 0 0" #∩╕ÅΓâú QTY?
   49. "2738.10" #∩╕ÅΓâú QTY?
   50. "[Approx Value : 25445.600]" #∩╕ÅΓâú QTY?
   51. "Company : 207(MICRO-CARSYON DVN)"
   52. "1 207002 AMLONG 2.5MG" Γ¡É PRODUCT
   53. "15'S 100 0 0" #∩╕ÅΓâú QTY?
   54. "1965.00" #∩╕ÅΓâú QTY?
   55. "2 329049 AMLONG 5MG TAB 30'S 30'S 100 0 0" Γ¡É PRODUCT
   56. "5485.00" #∩╕ÅΓâú QTY?
   57. "3 329054 APIVAS 2.5" #∩╕ÅΓâú QTY?
   58. "10'S 120 0 0" #∩╕ÅΓâú QTY?
   59. "13807.20" #∩╕ÅΓâú QTY?
   60. "4 329033 MOXILONG 0.3 15'S" #∩╕ÅΓâú QTY?
   61. "15'S 20 0 0" #∩╕ÅΓâú QTY?
   62. "2725.00" #∩╕ÅΓâú QTY?
   63. "5 214137 PLAGERINE TAB 15`S" Γ¡É PRODUCT
   64. "15'S 20 0 0" #∩╕ÅΓâú QTY?
   65. "1463.40" #∩╕ÅΓâú QTY?
   66. "[Approx Value : 16556.000]" #∩╕ÅΓâú QTY?
   67. "Company : 208(MICRO-DTF-1)" #∩╕ÅΓâú QTY?
   68. "1 343030 DIAPRIDE M1 FORTE TAB 15S 15'S 20 0 0" Γ¡É PRODUCT
   69. "1734.80" #∩╕ÅΓâú QTY?
   70. "2 343031 DIAPRIDE M2 FORTE 15S 15'S 10 0 0"
   71. "1960.50" #∩╕ÅΓâú QTY?
   72. "3 343032 DIAPRIDE M3 FORTE TAB 15S 15'S 10 0 0" Γ¡É PRODUCT
   73. "1214.50" #∩╕ÅΓâú QTY?
   74. "4 343070 DIAPRIDE M4 FORTE 15`S 15'S 20 0 0"
   75. "2686.60" #∩╕ÅΓâú QTY?
   76. "5 208074 DIAPRIDE-M1 15'S" #∩╕ÅΓâú QTY?
   77. "15'S 20 0 0" #∩╕ÅΓâú QTY?
   78. "1914.40" #∩╕ÅΓâú QTY?
   79. "6 208025 MECONERV PLUS" #∩╕ÅΓâú QTY?
   80. "10S 20 0 0" #∩╕ÅΓâú QTY?
   81. "2160.00" #∩╕ÅΓâú QTY?
   82. "7 214132 VILDAPRIDE M 50/500MG 15`S 15'S 40 0 0" Γ¡É PRODUCT
   83. "4885.20" #∩╕ÅΓâú QTY?
   84. "[Approx Value : 2242.500]" #∩╕ÅΓâú QTY?
   85. "Company : 214(MICRO-SYNAPSE)" #∩╕ÅΓâú QTY?
   86. "1 214118 PARKIN TAB 15'S" Γ¡É PRODUCT
   87. "15 S 150 0 0" #∩╕ÅΓâú QTY?
   88. "2242.50" #∩╕ÅΓâú QTY?
   89. "[Approx Value : 5158.500]" #∩╕ÅΓâú QTY?
   90. "Company : 317(MICRO CARSYON 3)"
   91. "1 207061 NEBILONG 5 MG 15'S" Γ¡É PRODUCT
   92. "15'S 10 0 0" #∩╕ÅΓâú QTY?
   93. "1549.00" #∩╕ÅΓâú QTY?
   94. "2 207059 NULONG 5MG 15'S" Γ¡É PRODUCT
   95. "15'S 10 0 0" #∩╕ÅΓâú QTY?
   96. "681.40" #∩╕ÅΓâú QTY?
   97. "3 207062 OLMAT 20MG 15'S" Γ¡É PRODUCT
   98. "15'S 10 0 0" #∩╕ÅΓâú QTY?
   99. "1375.60" #∩╕ÅΓâú QTY?
  100. "4 214130 OLMAT AM 20 15`S" #∩╕ÅΓâú QTY?
  101. "15'S 10 0 0" #∩╕ÅΓâú QTY?
  102. "1552.50" #∩╕ÅΓâú QTY?
  103. "[Approx Value : 6241.900]" #∩╕ÅΓâú QTY?
  104. "Company : 382(MICRO-GTF-1)" #∩╕ÅΓâú QTY?
  105. "1 309003 GRAMOCEF-O-100 SYP 30 ML 110 0 0" Γ¡É PRODUCT
  106. "5678.20" #∩╕ÅΓâú QTY?
  107. "2 202095 MICRO D3 DROPS 30ML 30 ML 10 0 0" Γ¡É PRODUCT
  108. "563.70" #∩╕ÅΓâú QTY?
  109. "Report Date : 29-Nov-25 12:45:12"
  110. "Page 1 of 2" #∩╕ÅΓâú QTY?
  111. "PURCHASE ORDER"
  112. "AYYAPPA ENTERPRISES"
  113. "@MULTI"
  114. "23/514,FIRST FLOOR," #∩╕ÅΓâú QTY?
  115. "COURT ROAD, PALAKKAD, KERALAPALAKKAD,PALAKKAD-678001"
  116. "Mob :04912521020, 2535237, 2525237,8590697280"
  117. "GSTIN : 32AAHFA5893L1Z4, PAN NO : AAHFA5893L"
  118. "TIN NO : 32090252872"
  119. "DL NO 1: KL-PKD-122734/20B 7.9.19 DL NO 2: KL-PKD-122735/21B 7.9.19"
  120. "PO Order Date :29/11/25" #∩╕ÅΓâú QTY?
  121. "RAJ DISTRIBUTORS"
  122. "Supplier :"
  123. "40/1364,T.D.ROAD" #∩╕ÅΓâú QTY?
  124. "Exe Date :29/11/25" #∩╕ÅΓâú QTY?
  125. "ERNAKULAM"
  126. "GSTIN : 32AAEPA4171C1ZK"
  127. "PO Order No.2500079821497"
  128. "Comapany Name : MICRO CARSYON 4"
  129. "Sl No Code Item Name"
  130. "Pack"
  131. "Ord Qty Sch Spcl Sch Note"
  132. "Total"
  133. "[Approx Value : 13745.600]" #∩╕ÅΓâú QTY?
  134. "Company : 439(MICRO CARSYON 4)"
  135. "1 214133 VILPOWER M 500 TAB 15`S 15'S 20 0 0" Γ¡É PRODUCT
  136. "2442.60" #∩╕ÅΓâú QTY?
  137. "2 214078 VILPOWER-50" #∩╕ÅΓâú QTY?
  138. "10'S 20 0 0" #∩╕ÅΓâú QTY?
  139. "1478.60" #∩╕ÅΓâú QTY?
  140. "3 214065 ZILARTA CT 40/12.5" #∩╕ÅΓâú QTY?
  141. "10'S 10 0 0" #∩╕ÅΓâú QTY?
  142. "765.00" #∩╕ÅΓâú QTY?
  143. "4 205071 ZILARTA-40" #∩╕ÅΓâú QTY?
  144. "10'S 20 0 0" #∩╕ÅΓâú QTY?
  145. "1464.60" #∩╕ÅΓâú QTY?
  146. "5 205072 ZILARTA-80" #∩╕ÅΓâú QTY?
  147. "10'S 60 0 0" #∩╕ÅΓâú QTY?
  148. "7594.80" #∩╕ÅΓâú QTY?
  149. "[Approx Value : 10285.100]" #∩╕ÅΓâú QTY?
  150. "Company : 443(MICRO CARSYON 2)"
  151. "1 214149 DIANORM 80 TAB" Γ¡É PRODUCT
  152. "15'S 10 0 0" #∩╕ÅΓâú QTY?
  153. "726.40" #∩╕ÅΓâú QTY?
  154. "2 206013 DIANORM OD 30" #∩╕ÅΓâú QTY?
  155. "10S 30 0 0" #∩╕ÅΓâú QTY?
  156. "1542.90" #∩╕ÅΓâú QTY?
  157. "3 214102 TURBOVAS 5 15'S" #∩╕ÅΓâú QTY?
  158. "15'S 20 0 0" #∩╕ÅΓâú QTY?
  159. "1490.80" #∩╕ÅΓâú QTY?
  160. "4 214083 TURBOVAS GOLD 10" #∩╕ÅΓâú QTY?
  161. "10'S 20 0 0" #∩╕ÅΓâú QTY?
  162. "1954.20" #∩╕ÅΓâú QTY?
  163. "5 214082 TURBOVAS GOLD 20" #∩╕ÅΓâú QTY?
  164. "10'S 30 0 0" #∩╕ÅΓâú QTY?
  165. "4570.80" #∩╕ÅΓâú QTY?
  166. "[Approx Value : 4733.400]" #∩╕ÅΓâú QTY?
  167. "Company : 480(MICRO DTF 3)" #∩╕ÅΓâú QTY?
  168. "1 343088 LINAPRIDE DM 500" #∩╕ÅΓâú QTY?
  169. "10 S 10 0 0" #∩╕ÅΓâú QTY?
  170. "1080.00" #∩╕ÅΓâú QTY?
  171. "2 343093 TENEPRIDE 20 15'S" #∩╕ÅΓâú QTY?
  172. "15'S 30 0 0" #∩╕ÅΓâú QTY?
  173. "3653.40" #∩╕ÅΓâú QTY?
  174. "Split Details 29-11-25" #∩╕ÅΓâú QTY?
  175. "107179.60" #∩╕ÅΓâú QTY?
  176. "Total Order :"
  177. "107179.60" #∩╕ÅΓâú QTY?
  178. "Note :quanthity is including free"
  179. "20 bottls" #∩╕ÅΓâú QTY?
  180. "For, AYYAPPA ENTERPRISES"
  181. "cancel pending orders"
  182. "Authorised Signatory"
  183. "Report Date : 29-Nov-25 12:45:12"
  184. "Page 2 of 2" #∩╕ÅΓâú QTY?

≡ƒöä TESTING EXTRACTION...

======================================================================
≡ƒÜÇ EXTRACTION: raj 1497.pdf
======================================================================
≡ƒôä PDF: Processing 2 page(s)
≡ƒôä Page 1: 270 items, median font: 8.0
≡ƒôä Page 1: Grouped into 110 rows
≡ƒôä Page 2: 149 items, median font: 8.0
≡ƒôä Page 2: Grouped into 75 rows
≡ƒôä PDF Complete: 184 total rows extracted

≡ƒôä PDF: 184 raw rows

≡ƒöì DEBUG: Raw rows 1-50:
  1. "PURCHASE ORDER"
  2. "AYYAPPA ENTERPRISES"
  3. "@MULTI"
  4. "23/514,FIRST FLOOR,"
  5. "COURT ROAD, PALAKKAD, KERALAPALAKKAD,PALAKKAD-678001"
  6. "Mob :04912521020, 2535237, 2525237,8590697280"
  7. "GSTIN : 32AAHFA5893L1Z4, PAN NO : AAHFA5893L"
  8. "TIN NO : 32090252872"
  9. "DL NO 1: KL-PKD-122734/20B 7.9.19 DL NO 2: KL-PKD-122735/21B 7.9.19"
  10. "PO Order Date :29/11/25"
  11. "RAJ DISTRIBUTORS"
  12. "Supplier :"
  13. "40/1364,T.D.ROAD"
  14. "Exe Date :29/11/25"
  15. "ERNAKULAM"
  16. "GSTIN : 32AAEPA4171C1ZK"
  17. "PO Order No.2500079821497"
  18. "Comapany Name : MICRO- VIVA"
  19. "Sl No Code Item Name"
  20. "Pack"
  21. "Ord Qty Sch Spcl Sch Note"
  22. "Total"
  23. "[Approx Value : 13596.400]"
  24. "Company : 203(MICRO- VIVA)"
  25. "1 203034 ANORELIEF CREAM"
  26. "30 GM 10 0 0"
  27. "1265.80"
  28. "2 208024 MECONERV FORTE CAPS DTF 10S 20 0 0"
  29. "2455.80"
  30. "3 203010 TOLFEN-P TAB"
  31. "10'S 120 0 0"
  32. "9874.80"
  33. "[Approx Value : 9174.600]"
  34. "Company : 205(MICRO-CARDICARE)"
  35. "1 205116 ARBITEL 40MG 15'S"
  36. "15'S 10 0 0"
  37. "742.60"
  38. "2 214154 ARBITEL CT 40 15`S"
  39. "15'S 10 0 0"
  40. "1350.00"
  41. "3 214136 ARBITEL -TRIO 50 15`S 15'S 20 0 0"
  42. "3354.40"
  43. "4 205062 ARBITEL-MT 50"
  44. "7S"
  45. "989.50"
  46. "10 0 0"
  47. "5 205114 BISOT 2.5"
  48. "10'S 30 0 0"
  49. "2738.10"
  50. "[Approx Value : 25445.600]"
≡ƒöù Grouped 184 raw items into 92 table rows
Γ£à Merged into 92 complete rows
≡ƒôä PDF: Merged into 92 processing lines

≡ƒöì DEBUG: Merged lines (ALL):
  1. "PURCHASE ORDER"
  2. "AYYAPPA ENTERPRISES"
  3. "@MULTI"
  4. "23/514,FIRST FLOOR,"
  5. "COURT ROAD, PALAKKAD, KERALAPALAKKAD,PALAKKAD-678001"
  6. "Mob :04912521020, 2535237, 2525237,8590697280"
  7. "GSTIN : 32AAHFA5893L1Z4, PAN NO : AAHFA5893LTIN NO : 32090252872"
  8. "DL NO 1: KL-PKD-122734/20B 7.9.19 DL NO 2: KL-PKD-122735/21B 7.9.19"
  9. "PO Order Date :29/11/25RAJ DISTRIBUTORSSupplier :"
  10. "40/1364,T.D.ROAD"
  11. "Exe Date :29/11/25"
  12. "ERNAKULAM"
  13. "GSTIN : 32AAEPA4171C1ZK"
  14. "PO Order No.2500079821497"
  15. "Comapany Name : MICRO- VIVA"
  16. "Sl No Code Item NamePackOrd Qty Sch Spcl Sch NoteTotal"
  17. "[Approx Value : 13596.400]Company : 203(MICRO- VIVA)"
  18. "1 203034 ANORELIEF CREAM30 GM 10 0 01265.80"
  19. "2 208024 MECONERV FORTE CAPS DTF 10S 20 0 02455.80" Γ¡É HAS FORM/MG
  20. "3 203010 TOLFEN-P TAB10'S 120 0 09874.80"
  21. "[Approx Value : 9174.600]Company : 205(MICRO-CARDICARE)"
  22. "1 205116 ARBITEL 40MG 15'S15'S 10 0 0742.60" Γ¡É HAS FORM/MG
  23. "2 214154 ARBITEL CT 40 15`S15'S 10 0 01350.00"
  24. "3 214136 ARBITEL -TRIO 50 15`S 15'S 20 0 03354.40"
  25. "4 205062 ARBITEL-MT 507S989.5010 0 0"
  26. "5 205114 BISOT 2.510'S 30 0 02738.10"
  27. "[Approx Value : 25445.600]Company : 207(MICRO-CARSYON DVN)"
  28. "1 207002 AMLONG 2.5MG15'S 100 0 01965.00" Γ¡É HAS FORM/MG
  29. "2 329049 AMLONG 5MG TAB 30'S 30'S 100 0 05485.00" Γ¡É HAS FORM/MG
  30. "3 329054 APIVAS 2.510'S 120 0 013807.20"
  31. "4 329033 MOXILONG 0.3 15'S15'S 20 0 02725.00"
  32. "5 214137 PLAGERINE TAB 15`S15'S 20 0 01463.40" Γ¡É HAS FORM/MG
  33. "[Approx Value : 16556.000]Company : 208(MICRO-DTF-1)"
  34. "1 343030 DIAPRIDE M1 FORTE TAB 15S 15'S 20 0 01734.80" Γ¡É HAS FORM/MG
  35. "2 343031 DIAPRIDE M2 FORTE 15S 15'S 10 0 01960.50"
  36. "3 343032 DIAPRIDE M3 FORTE TAB 15S 15'S 10 0 01214.50" Γ¡É HAS FORM/MG
  37. "4 343070 DIAPRIDE M4 FORTE 15`S 15'S 20 0 02686.60"
  38. "5 208074 DIAPRIDE-M1 15'S15'S 20 0 01914.40"
  39. "6 208025 MECONERV PLUS10S 20 0 02160.00"
  40. "7 214132 VILDAPRIDE M 50/500MG 15`S 15'S 40 0 04885.20" Γ¡É HAS FORM/MG
  41. "[Approx Value : 2242.500]Company : 214(MICRO-SYNAPSE)"
  42. "1 214118 PARKIN TAB 15'S15 S 150 0 02242.50" Γ¡É HAS FORM/MG
  43. "[Approx Value : 5158.500]Company : 317(MICRO CARSYON 3)"
  44. "1 207061 NEBILONG 5 MG 15'S15'S 10 0 01549.00" Γ¡É HAS FORM/MG
  45. "2 207059 NULONG 5MG 15'S15'S 10 0 0681.40" Γ¡É HAS FORM/MG
  46. "3 207062 OLMAT 20MG 15'S15'S 10 0 01375.60" Γ¡É HAS FORM/MG
  47. "4 214130 OLMAT AM 20 15`S15'S 10 0 01552.50"
  48. "[Approx Value : 6241.900]Company : 382(MICRO-GTF-1)"
  49. "1 309003 GRAMOCEF-O-100 SYP 30 ML 110 0 05678.20" Γ¡É HAS FORM/MG
  50. "2 202095 MICRO D3 DROPS 30ML 30 ML 10 0 0563.70" Γ¡É HAS FORM/MG
  51. "Report Date : 29-Nov-25 12:45:12"
  52. "Page 1 of 2"
  53. "PURCHASE ORDER"
  54. "AYYAPPA ENTERPRISES"
  55. "@MULTI"
  56. "23/514,FIRST FLOOR,"
  57. "COURT ROAD, PALAKKAD, KERALAPALAKKAD,PALAKKAD-678001"
  58. "Mob :04912521020, 2535237, 2525237,8590697280"
  59. "GSTIN : 32AAHFA5893L1Z4, PAN NO : AAHFA5893LTIN NO : 32090252872"
  60. "DL NO 1: KL-PKD-122734/20B 7.9.19 DL NO 2: KL-PKD-122735/21B 7.9.19"
  61. "PO Order Date :29/11/25RAJ DISTRIBUTORSSupplier :"
  62. "40/1364,T.D.ROAD"
  63. "Exe Date :29/11/25"
  64. "ERNAKULAM"
  65. "GSTIN : 32AAEPA4171C1ZK"
  66. "PO Order No.2500079821497"
  67. "Comapany Name : MICRO CARSYON 4"
  68. "Sl No Code Item NamePackOrd Qty Sch Spcl Sch NoteTotal"
  69. "[Approx Value : 13745.600]Company : 439(MICRO CARSYON 4)"
  70. "1 214133 VILPOWER M 500 TAB 15`S 15'S 20 0 02442.60" Γ¡É HAS FORM/MG
  71. "2 214078 VILPOWER-5010'S 20 0 01478.60"
  72. "3 214065 ZILARTA CT 40/12.510'S 10 0 0765.00"
  73. "4 205071 ZILARTA-4010'S 20 0 01464.60"
  74. "5 205072 ZILARTA-8010'S 60 0 07594.80"
  75. "[Approx Value : 10285.100]Company : 443(MICRO CARSYON 2)"
  76. "1 214149 DIANORM 80 TAB15'S 10 0 0726.40"
  77. "2 206013 DIANORM OD 3010S 30 0 01542.90"
  78. "3 214102 TURBOVAS 5 15'S15'S 20 0 01490.80"
  79. "4 214083 TURBOVAS GOLD 1010'S 20 0 01954.20"
  80. "5 214082 TURBOVAS GOLD 2010'S 30 0 04570.80"
  81. "[Approx Value : 4733.400]Company : 480(MICRO DTF 3)"
  82. "1 343088 LINAPRIDE DM 50010 S 10 0 01080.00"
  83. "2 343093 TENEPRIDE 20 15'S15'S 30 0 03653.40"
  84. "Split Details 29-11-25"
  85. "107179.60"
  86. "Total Order :107179.60"
  87. "Note :quanthity is including free20 bottls"
  88. "For, AYYAPPA ENTERPRISES"
  89. "cancel pending orders"
  90. "Authorised Signatory"
  91. "Report Date : 29-Nov-25 12:45:12"
  92. "Page 2 of 2"
≡ƒöì Searching for customer in invoice header...
Γ£à Customer detected (Keyword score 1): "Ayyappa Enterprises"
Γ¢ö Row 7: Junk "GSTIN : 32AAHFA5893L1Z4, PAN NO : AAHFA5893LTIN NO : 32090252872"
Γ¢ö Row 8: Junk "DL NO 1: KL-PKD-122734/20B 7.9.19 DL NO 2: KL-PKD-122735/21B 7.9.19"
Γ¢ö Row 13: Junk "GSTIN : 32AAEPA4171C1ZK"
≡ƒöì [QTY] Extracting from: "3 203010 TOLFEN-P TAB10'S 120 0 09874.80..."
  [MERGED_QTY] Found 120 at position 5
  Γ£à [QTY] Strategy 2 (Merged): 120
Γ£à Row 20: "TOLFEN-P TAB" | Qty: 120
≡ƒöì [QTY] Extracting from: "1 205116 ARBITEL 40MG 15'S15'S 10 0 0742.60..."
  [MERGED_QTY] Found 10 at position 5
  Γ£à [QTY] Strategy 2 (Merged): 10
Γ£à Row 22: "ARBITEL 40MG 15'S15'S" | Qty: 10
≡ƒöì [QTY] Extracting from: "2 214154 ARBITEL CT 40 15`S15'S 10 0 01350.00..."
  [MERGED_QTY] Found 10 at position 6
  Γ£à [QTY] Strategy 2 (Merged): 10
Γ£à Row 23: "ARBITEL CT 40 15`S15'S" | Qty: 10
≡ƒöì [QTY] Extracting from: "3 214136 ARBITEL -TRIO 50 15`S 15'S 20 0 03354.40..."
  [MERGED_QTY] Found 20 at position 7
  Γ£à [QTY] Strategy 2 (Merged): 20
Γ£à Row 24: "ARBITEL -TRIO 50 15`S" | Qty: 20
≡ƒöì [QTY] Extracting from: "5 205114 BISOT 2.510'S 30 0 02738.10..."
  [MERGED_QTY] Found 30 at position 4
  Γ£à [QTY] Strategy 2 (Merged): 30
Γ£à Row 26: "BISOT 2.510'S" | Qty: 30
≡ƒöì [QTY] Extracting from: "1 207002 AMLONG 2.5MG15'S 100 0 01965.00..."
  [MERGED_QTY] Found 100 at position 5
  Γ£à [QTY] Strategy 2 (Merged): 100
Γ£à Row 28: "AMLONG 2.5MG" | Qty: 100
≡ƒöì [QTY] Extracting from: "2 329049 AMLONG 5MG TAB 30'S 30'S 100 0 05485.00..."
  [MERGED_QTY] Found 100 at position 7
  Γ£à [QTY] Strategy 2 (Merged): 100
≡ƒöì [QTY] Extracting from: "3 329054 APIVAS 2.510'S 120 0 013807.20..."
  [MERGED_QTY] Found 120 at position 4
  Γ£à [QTY] Strategy 2 (Merged): 120
Γ£à Row 30: "APIVAS 2.510'S" | Qty: 120
≡ƒöì [QTY] Extracting from: "4 329033 MOXILONG 0.3 15'S15'S 20 0 02725.00..."
  [MERGED_QTY] Found 20 at position 5
  Γ£à [QTY] Strategy 2 (Merged): 20
Γ£à Row 31: "MOXILONG 0.3 15'S15'S" | Qty: 20
≡ƒöì [QTY] Extracting from: "5 214137 PLAGERINE TAB 15`S15'S 20 0 01463.40..."
  [MERGED_QTY] Found 20 at position 5
  Γ£à [QTY] Strategy 2 (Merged): 20
≡ƒöì [QTY] Extracting from: "1 343030 DIAPRIDE M1 FORTE TAB 15S 15'S 20 0 01734.80..."
  [MERGED_QTY] Found 20 at position 8
  Γ£à [QTY] Strategy 2 (Merged): 20
Γ£à Row 34: "DIAPRIDE M1 FORTE TAB" | Qty: 20
≡ƒöì [QTY] Extracting from: "2 343031 DIAPRIDE M2 FORTE 15S 15'S 10 0 01960.50..."
  [MERGED_QTY] Found 10 at position 7
  Γ£à [QTY] Strategy 2 (Merged): 10
≡ƒöì [QTY] Extracting from: "3 343032 DIAPRIDE M3 FORTE TAB 15S 15'S 10 0 01214.50..."
  [MERGED_QTY] Found 10 at position 8
  Γ£à [QTY] Strategy 2 (Merged): 10
Γ£à Row 36: "DIAPRIDE M3 FORTE TAB" | Qty: 10
≡ƒöì [QTY] Extracting from: "4 343070 DIAPRIDE M4 FORTE 15`S 15'S 20 0 02686.60..."
  [MERGED_QTY] Found 20 at position 7
  Γ£à [QTY] Strategy 2 (Merged): 20
Γ£à Row 37: "DIAPRIDE M4 FORTE 15`S" | Qty: 20
≡ƒöì [QTY] Extracting from: "5 208074 DIAPRIDE-M1 15'S15'S 20 0 01914.40..."
  [MERGED_QTY] Found 20 at position 4
  Γ£à [QTY] Strategy 2 (Merged): 20
Γ£à Row 38: "DIAPRIDE-M1 15'S15'S" | Qty: 20
≡ƒöì [QTY] Extracting from: "7 214132 VILDAPRIDE M 50/500MG 15`S 15'S 40 0 04885.20..."
  [MERGED_QTY] Found 40 at position 7
  Γ£à [QTY] Strategy 2 (Merged): 40
Γ£à Row 40: "VILDAPRIDE M 50/500MG 15`S" | Qty: 40
≡ƒöì [QTY] Extracting from: "1 214118 PARKIN TAB 15'S15 S 150 0 02242.50..."
  [MERGED_QTY] Found 150 at position 6
  Γ£à [QTY] Strategy 2 (Merged): 150
Γ£à Row 42: "PARKIN TAB" | Qty: 150
≡ƒöì [QTY] Extracting from: "1 207061 NEBILONG 5 MG 15'S15'S 10 0 01549.00..."
  [MERGED_QTY] Found 10 at position 6
  Γ£à [QTY] Strategy 2 (Merged): 10
Γ£à Row 44: "NEBILONG 5 MG 15'S15'S" | Qty: 10
≡ƒöì [QTY] Extracting from: "2 207059 NULONG 5MG 15'S15'S 10 0 0681.40..."
  [MERGED_QTY] Found 10 at position 5
  Γ£à [QTY] Strategy 2 (Merged): 10
Γ£à Row 45: "NULONG 5MG 15'S15'S" | Qty: 10
≡ƒöì [QTY] Extracting from: "3 207062 OLMAT 20MG 15'S15'S 10 0 01375.60..."
  [MERGED_QTY] Found 10 at position 5
  Γ£à [QTY] Strategy 2 (Merged): 10
Γ£à Row 46: "OLMAT 20MG 15'S15'S" | Qty: 10
≡ƒöì [QTY] Extracting from: "4 214130 OLMAT AM 20 15`S15'S 10 0 01552.50..."
  [MERGED_QTY] Found 10 at position 6
  Γ£à [QTY] Strategy 2 (Merged): 10
Γ£à Row 47: "OLMAT AM 20 15`S15'S" | Qty: 10
≡ƒöì [QTY] Extracting from: "1 309003 GRAMOCEF-O-100 SYP 30 ML 110 0 05678.20..."
  [MERGED_QTY] Found 110 at position 6
  Γ£à [QTY] Strategy 2 (Merged): 110
Γ£à Row 49: "GRAMOCEF-O-100 SYP" | Qty: 110
≡ƒöì [QTY] Extracting from: "2 202095 MICRO D3 DROPS 30ML 30 ML 10 0 0563.70..."
  [MERGED_QTY] Found 10 at position 8
  Γ£à [QTY] Strategy 2 (Merged): 10
Γ¢ö Row 52: Junk "Page 1 of 2"
Γ¢ö Row 59: Junk "GSTIN : 32AAHFA5893L1Z4, PAN NO : AAHFA5893LTIN NO : 32090252872"
Γ¢ö Row 60: Junk "DL NO 1: KL-PKD-122734/20B 7.9.19 DL NO 2: KL-PKD-122735/21B 7.9.19"
Γ¢ö Row 65: Junk "GSTIN : 32AAEPA4171C1ZK"
≡ƒöì [QTY] Extracting from: "1 214133 VILPOWER M 500 TAB 15`S 15'S 20 0 02442.60..."
  [MERGED_QTY] Found 20 at position 8
  Γ£à [QTY] Strategy 2 (Merged): 20
≡ƒöì [QTY] Extracting from: "2 214078 VILPOWER-5010'S 20 0 01478.60..."
  [MERGED_QTY] Found 20 at position 3
  Γ£à [QTY] Strategy 2 (Merged): 20
Γ£à Row 71: "VILPOWER-5010'S" | Qty: 20
≡ƒöì [QTY] Extracting from: "3 214065 ZILARTA CT 40/12.510'S 10 0 0765.00..."
  [MERGED_QTY] Found 10 at position 5
  Γ£à [QTY] Strategy 2 (Merged): 10
Γ£à Row 72: "ZILARTA CT 40/12.510'S" | Qty: 10
≡ƒöì [QTY] Extracting from: "4 205071 ZILARTA-4010'S 20 0 01464.60..."
  [MERGED_QTY] Found 20 at position 3
  Γ£à [QTY] Strategy 2 (Merged): 20
Γ£à Row 73: "ZILARTA-4010'S" | Qty: 20
≡ƒöì [QTY] Extracting from: "5 205072 ZILARTA-8010'S 60 0 07594.80..."
  [MERGED_QTY] Found 60 at position 3
  Γ£à [QTY] Strategy 2 (Merged): 60
Γ£à Row 74: "ZILARTA-8010'S" | Qty: 60
≡ƒöì [QTY] Extracting from: "1 214149 DIANORM 80 TAB15'S 10 0 0726.40..."
  [MERGED_QTY] Found 10 at position 6
  Γ£à [QTY] Strategy 2 (Merged): 10
≡ƒöì [QTY] Extracting from: "3 214102 TURBOVAS 5 15'S15'S 20 0 01490.80..."
  [MERGED_QTY] Found 20 at position 5
  Γ£à [QTY] Strategy 2 (Merged): 20
Γ£à Row 78: "TURBOVAS 5 15'S15'S" | Qty: 20
≡ƒöì [QTY] Extracting from: "4 214083 TURBOVAS GOLD 1010'S 20 0 01954.20..."
  [MERGED_QTY] Found 20 at position 5
  Γ£à [QTY] Strategy 2 (Merged): 20
≡ƒöì [QTY] Extracting from: "5 214082 TURBOVAS GOLD 2010'S 30 0 04570.80..."
  [MERGED_QTY] Found 30 at position 5
  Γ£à [QTY] Strategy 2 (Merged): 30
≡ƒöì [QTY] Extracting from: "2 343093 TENEPRIDE 20 15'S15'S 30 0 03653.40..."
  [MERGED_QTY] Found 30 at position 5
  Γ£à [QTY] Strategy 2 (Merged): 30
Γ£à Row 83: "TENEPRIDE 20 15'S15'S" | Qty: 30
Γ¢ö Row 92: Junk "Page 2 of 2"

≡ƒôä PDF SUMMARY:
   Detection mode: STRICT
   Total rows: 184
   Γ£à Extracted: 25
   Γ¥î Failed: 59

======================================================================
Γ£à EXTRACTION COMPLETE
   Extracted: 25 products
   Customer: Ayyappa Enterprises
======================================================================


Γ£à EXTRACTION RESULTS:
   Products extracted: 25
   Customer: Ayyappa Enterprises

≡ƒôª EXTRACTED PRODUCTS:
   1. TOLFEN-P TAB | Qty: 120
   2. ARBITEL 40MG 15'S15'S | Qty: 10
   3. ARBITEL CT 40 15`S15'S | Qty: 10
   4. ARBITEL -TRIO 50 15`S | Qty: 20
   5. BISOT 2.510'S | Qty: 30
   6. AMLONG 2.5MG | Qty: 100
   7. APIVAS 2.510'S | Qty: 120
   8. MOXILONG 0.3 15'S15'S | Qty: 20
   9. DIAPRIDE M1 FORTE TAB | Qty: 20
   10. DIAPRIDE M3 FORTE TAB | Qty: 10
   11. DIAPRIDE M4 FORTE 15`S | Qty: 20
   12. DIAPRIDE-M1 15'S15'S | Qty: 20
   13. VILDAPRIDE M 50/500MG 15`S | Qty: 40
   14. PARKIN TAB | Qty: 150
   15. NEBILONG 5 MG 15'S15'S | Qty: 10
   16. NULONG 5MG 15'S15'S | Qty: 10
   17. OLMAT 20MG 15'S15'S | Qty: 10
   18. OLMAT AM 20 15`S15'S | Qty: 10
   19. GRAMOCEF-O-100 SYP | Qty: 110
   20. VILPOWER-5010'S | Qty: 20
   21. ZILARTA CT 40/12.510'S | Qty: 10
   22. ZILARTA-4010'S | Qty: 20
   23. ZILARTA-8010'S | Qty: 60
   24. TURBOVAS 5 15'S15'S | Qty: 20
   25. TENEPRIDE 20 15'S15'S | Qty: 30

================================================================================
Γ£à ANALYSIS COMPLETE
================================================================================
